// Jest Snapshot v1, https://goo.gl/fbAQLP

exports[`the <Subheader /> component should render 1`] = `ShallowWrapper {}`;

exports[`the <Subheader /> component should render with a form button 1`] = `ShallowWrapper {}`;
